// Jest Snapshot v1, https://goo.gl/fbAQLP

exports[`AddLocation should match the snapshot 1`] = `
<div>
  <div
    class="Toastify"
  />
  <div
    class="container mt-5"
  >
    <form
      class="mt-3 p-3 shadow addItems"
    >
      <div
        class=" row mb-3"
      >
        <div
          class="form-group col-md-6"
        >
          <label
            for="LocationId"
          >
            Location Id
          </label>
          <input
            class="form-control"
            id="LocationId"
            placeholder="Enter Location Id"
            required=""
            type="text"
            value=""
          />
        </div>
        <div
          class="form-group col-md-6"
        >
          <label
            for="Description"
          >
            Description
          </label>
          <input
            class="form-control"
            data-testid="Description"
            id="Description"
            placeholder="Enter Location Description"
            required=""
            type="text"
            value=""
          />
        </div>
      </div>
      <div
        class=" row mb-3"
      >
        <div
          class="form-group col-md-6"
        >
          <label
            for="locationType"
          >
            Type
          </label>
          <input
            class="form-control "
            id="locationType"
            placeholder="Enter Location Type"
            required=""
            type="text"
            value=""
          />
        </div>
        <div
          class="form-group col-md-6"
        >
          <label
            for="addressLine1"
          >
            Address Line 1
          </label>
          <input
            class="form-control"
            id="addressLine1"
            placeholder="Enter Address Line 1"
            required=""
            type="text"
            value=""
          />
        </div>
      </div>
      <div
        class=" row mb-3"
      >
        <div
          class="form-group col-md-6"
        >
          <label
            for="addressLine2"
          >
            Address Line 2
          </label>
          <input
            class="form-control "
            id="addressLine2"
            placeholder="Enter Address Line 2"
            required=""
            type="text"
            value=""
          />
        </div>
        <div
          class="form-group col-md-6"
        >
          <label
            for="addressLine3"
          >
            Address Line 3
          </label>
          <input
            class="form-control"
            id="addressLine3"
            placeholder="Enter Address Line 3"
            type="text"
            value=""
          />
        </div>
      </div>
      <div
        class="row mb-3"
      >
        <div
          class="form-group col-md-6"
        >
          <label
            for="Country"
          >
            Country
          </label>
          <select
            class="form-control "
            required=""
          >
            <option
              value=""
            >
              Select a country
            </option>
            <option
              value="AF"
            >
              Afghanistan
            </option>
            <option
              value="AX"
            >
              Aland Islands
            </option>
            <option
              value="AL"
            >
              Albania
            </option>
            <option
              value="DZ"
            >
              Algeria
            </option>
            <option
              value="AS"
            >
              American Samoa
            </option>
            <option
              value="AD"
            >
              Andorra
            </option>
            <option
              value="AO"
            >
              Angola
            </option>
            <option
              value="AI"
            >
              Anguilla
            </option>
            <option
              value="AQ"
            >
              Antarctica
            </option>
            <option
              value="AG"
            >
              Antigua And Barbuda
            </option>
            <option
              value="AR"
            >
              Argentina
            </option>
            <option
              value="AM"
            >
              Armenia
            </option>
            <option
              value="AW"
            >
              Aruba
            </option>
            <option
              value="AU"
            >
              Australia
            </option>
            <option
              value="AT"
            >
              Austria
            </option>
            <option
              value="AZ"
            >
              Azerbaijan
            </option>
            <option
              value="BS"
            >
              The Bahamas
            </option>
            <option
              value="BH"
            >
              Bahrain
            </option>
            <option
              value="BD"
            >
              Bangladesh
            </option>
            <option
              value="BB"
            >
              Barbados
            </option>
            <option
              value="BY"
            >
              Belarus
            </option>
            <option
              value="BE"
            >
              Belgium
            </option>
            <option
              value="BZ"
            >
              Belize
            </option>
            <option
              value="BJ"
            >
              Benin
            </option>
            <option
              value="BM"
            >
              Bermuda
            </option>
            <option
              value="BT"
            >
              Bhutan
            </option>
            <option
              value="BO"
            >
              Bolivia
            </option>
            <option
              value="BA"
            >
              Bosnia and Herzegovina
            </option>
            <option
              value="BW"
            >
              Botswana
            </option>
            <option
              value="BV"
            >
              Bouvet Island
            </option>
            <option
              value="BR"
            >
              Brazil
            </option>
            <option
              value="IO"
            >
              British Indian Ocean Territory
            </option>
            <option
              value="BN"
            >
              Brunei
            </option>
            <option
              value="BG"
            >
              Bulgaria
            </option>
            <option
              value="BF"
            >
              Burkina Faso
            </option>
            <option
              value="BI"
            >
              Burundi
            </option>
            <option
              value="KH"
            >
              Cambodia
            </option>
            <option
              value="CM"
            >
              Cameroon
            </option>
            <option
              value="CA"
            >
              Canada
            </option>
            <option
              value="CV"
            >
              Cape Verde
            </option>
            <option
              value="KY"
            >
              Cayman Islands
            </option>
            <option
              value="CF"
            >
              Central African Republic
            </option>
            <option
              value="TD"
            >
              Chad
            </option>
            <option
              value="CL"
            >
              Chile
            </option>
            <option
              value="CN"
            >
              China
            </option>
            <option
              value="CX"
            >
              Christmas Island
            </option>
            <option
              value="CC"
            >
              Cocos (Keeling) Islands
            </option>
            <option
              value="CO"
            >
              Colombia
            </option>
            <option
              value="KM"
            >
              Comoros
            </option>
            <option
              value="CG"
            >
              Congo
            </option>
            <option
              value="CD"
            >
              Democratic Republic of the Congo
            </option>
            <option
              value="CK"
            >
              Cook Islands
            </option>
            <option
              value="CR"
            >
              Costa Rica
            </option>
            <option
              value="CI"
            >
              Cote D'Ivoire (Ivory Coast)
            </option>
            <option
              value="HR"
            >
              Croatia
            </option>
            <option
              value="CU"
            >
              Cuba
            </option>
            <option
              value="CY"
            >
              Cyprus
            </option>
            <option
              value="CZ"
            >
              Czech Republic
            </option>
            <option
              value="DK"
            >
              Denmark
            </option>
            <option
              value="DJ"
            >
              Djibouti
            </option>
            <option
              value="DM"
            >
              Dominica
            </option>
            <option
              value="DO"
            >
              Dominican Republic
            </option>
            <option
              value="TL"
            >
              East Timor
            </option>
            <option
              value="EC"
            >
              Ecuador
            </option>
            <option
              value="EG"
            >
              Egypt
            </option>
            <option
              value="SV"
            >
              El Salvador
            </option>
            <option
              value="GQ"
            >
              Equatorial Guinea
            </option>
            <option
              value="ER"
            >
              Eritrea
            </option>
            <option
              value="EE"
            >
              Estonia
            </option>
            <option
              value="ET"
            >
              Ethiopia
            </option>
            <option
              value="FK"
            >
              Falkland Islands
            </option>
            <option
              value="FO"
            >
              Faroe Islands
            </option>
            <option
              value="FJ"
            >
              Fiji Islands
            </option>
            <option
              value="FI"
            >
              Finland
            </option>
            <option
              value="FR"
            >
              France
            </option>
            <option
              value="GF"
            >
              French Guiana
            </option>
            <option
              value="PF"
            >
              French Polynesia
            </option>
            <option
              value="TF"
            >
              French Southern Territories
            </option>
            <option
              value="GA"
            >
              Gabon
            </option>
            <option
              value="GM"
            >
              The Gambia
            </option>
            <option
              value="GE"
            >
              Georgia
            </option>
            <option
              value="DE"
            >
              Germany
            </option>
            <option
              value="GH"
            >
              Ghana
            </option>
            <option
              value="GI"
            >
              Gibraltar
            </option>
            <option
              value="GR"
            >
              Greece
            </option>
            <option
              value="GL"
            >
              Greenland
            </option>
            <option
              value="GD"
            >
              Grenada
            </option>
            <option
              value="GP"
            >
              Guadeloupe
            </option>
            <option
              value="GU"
            >
              Guam
            </option>
            <option
              value="GT"
            >
              Guatemala
            </option>
            <option
              value="GG"
            >
              Guernsey and Alderney
            </option>
            <option
              value="GN"
            >
              Guinea
            </option>
            <option
              value="GW"
            >
              Guinea-Bissau
            </option>
            <option
              value="GY"
            >
              Guyana
            </option>
            <option
              value="HT"
            >
              Haiti
            </option>
            <option
              value="HM"
            >
              Heard Island and McDonald Islands
            </option>
            <option
              value="HN"
            >
              Honduras
            </option>
            <option
              value="HK"
            >
              Hong Kong S.A.R.
            </option>
            <option
              value="HU"
            >
              Hungary
            </option>
            <option
              value="IS"
            >
              Iceland
            </option>
            <option
              value="IN"
            >
              India
            </option>
            <option
              value="ID"
            >
              Indonesia
            </option>
            <option
              value="IR"
            >
              Iran
            </option>
            <option
              value="IQ"
            >
              Iraq
            </option>
            <option
              value="IE"
            >
              Ireland
            </option>
            <option
              value="IL"
            >
              Israel
            </option>
            <option
              value="IT"
            >
              Italy
            </option>
            <option
              value="JM"
            >
              Jamaica
            </option>
            <option
              value="JP"
            >
              Japan
            </option>
            <option
              value="JE"
            >
              Jersey
            </option>
            <option
              value="JO"
            >
              Jordan
            </option>
            <option
              value="KZ"
            >
              Kazakhstan
            </option>
            <option
              value="KE"
            >
              Kenya
            </option>
            <option
              value="KI"
            >
              Kiribati
            </option>
            <option
              value="KP"
            >
              North Korea
            </option>
            <option
              value="KR"
            >
              South Korea
            </option>
            <option
              value="KW"
            >
              Kuwait
            </option>
            <option
              value="KG"
            >
              Kyrgyzstan
            </option>
            <option
              value="LA"
            >
              Laos
            </option>
            <option
              value="LV"
            >
              Latvia
            </option>
            <option
              value="LB"
            >
              Lebanon
            </option>
            <option
              value="LS"
            >
              Lesotho
            </option>
            <option
              value="LR"
            >
              Liberia
            </option>
            <option
              value="LY"
            >
              Libya
            </option>
            <option
              value="LI"
            >
              Liechtenstein
            </option>
            <option
              value="LT"
            >
              Lithuania
            </option>
            <option
              value="LU"
            >
              Luxembourg
            </option>
            <option
              value="MO"
            >
              Macau S.A.R.
            </option>
            <option
              value="MK"
            >
              Macedonia
            </option>
            <option
              value="MG"
            >
              Madagascar
            </option>
            <option
              value="MW"
            >
              Malawi
            </option>
            <option
              value="MY"
            >
              Malaysia
            </option>
            <option
              value="MV"
            >
              Maldives
            </option>
            <option
              value="ML"
            >
              Mali
            </option>
            <option
              value="MT"
            >
              Malta
            </option>
            <option
              value="IM"
            >
              Man (Isle of)
            </option>
            <option
              value="MH"
            >
              Marshall Islands
            </option>
            <option
              value="MQ"
            >
              Martinique
            </option>
            <option
              value="MR"
            >
              Mauritania
            </option>
            <option
              value="MU"
            >
              Mauritius
            </option>
            <option
              value="YT"
            >
              Mayotte
            </option>
            <option
              value="MX"
            >
              Mexico
            </option>
            <option
              value="FM"
            >
              Micronesia
            </option>
            <option
              value="MD"
            >
              Moldova
            </option>
            <option
              value="MC"
            >
              Monaco
            </option>
            <option
              value="MN"
            >
              Mongolia
            </option>
            <option
              value="ME"
            >
              Montenegro
            </option>
            <option
              value="MS"
            >
              Montserrat
            </option>
            <option
              value="MA"
            >
              Morocco
            </option>
            <option
              value="MZ"
            >
              Mozambique
            </option>
            <option
              value="MM"
            >
              Myanmar
            </option>
            <option
              value="NA"
            >
              Namibia
            </option>
            <option
              value="NR"
            >
              Nauru
            </option>
            <option
              value="NP"
            >
              Nepal
            </option>
            <option
              value="BQ"
            >
              Bonaire, Sint Eustatius and Saba
            </option>
            <option
              value="NL"
            >
              Netherlands
            </option>
            <option
              value="NC"
            >
              New Caledonia
            </option>
            <option
              value="NZ"
            >
              New Zealand
            </option>
            <option
              value="NI"
            >
              Nicaragua
            </option>
            <option
              value="NE"
            >
              Niger
            </option>
            <option
              value="NG"
            >
              Nigeria
            </option>
            <option
              value="NU"
            >
              Niue
            </option>
            <option
              value="NF"
            >
              Norfolk Island
            </option>
            <option
              value="MP"
            >
              Northern Mariana Islands
            </option>
            <option
              value="NO"
            >
              Norway
            </option>
            <option
              value="OM"
            >
              Oman
            </option>
            <option
              value="PK"
            >
              Pakistan
            </option>
            <option
              value="PW"
            >
              Palau
            </option>
            <option
              value="PS"
            >
              Palestinian Territory Occupied
            </option>
            <option
              value="PA"
            >
              Panama
            </option>
            <option
              value="PG"
            >
              Papua new Guinea
            </option>
            <option
              value="PY"
            >
              Paraguay
            </option>
            <option
              value="PE"
            >
              Peru
            </option>
            <option
              value="PH"
            >
              Philippines
            </option>
            <option
              value="PN"
            >
              Pitcairn Island
            </option>
            <option
              value="PL"
            >
              Poland
            </option>
            <option
              value="PT"
            >
              Portugal
            </option>
            <option
              value="PR"
            >
              Puerto Rico
            </option>
            <option
              value="QA"
            >
              Qatar
            </option>
            <option
              value="RE"
            >
              Reunion
            </option>
            <option
              value="RO"
            >
              Romania
            </option>
            <option
              value="RU"
            >
              Russia
            </option>
            <option
              value="RW"
            >
              Rwanda
            </option>
            <option
              value="SH"
            >
              Saint Helena
            </option>
            <option
              value="KN"
            >
              Saint Kitts And Nevis
            </option>
            <option
              value="LC"
            >
              Saint Lucia
            </option>
            <option
              value="PM"
            >
              Saint Pierre and Miquelon
            </option>
            <option
              value="VC"
            >
              Saint Vincent And The Grenadines
            </option>
            <option
              value="BL"
            >
              Saint-Barthelemy
            </option>
            <option
              value="MF"
            >
              Saint-Martin (French part)
            </option>
            <option
              value="WS"
            >
              Samoa
            </option>
            <option
              value="SM"
            >
              San Marino
            </option>
            <option
              value="ST"
            >
              Sao Tome and Principe
            </option>
            <option
              value="SA"
            >
              Saudi Arabia
            </option>
            <option
              value="SN"
            >
              Senegal
            </option>
            <option
              value="RS"
            >
              Serbia
            </option>
            <option
              value="SC"
            >
              Seychelles
            </option>
            <option
              value="SL"
            >
              Sierra Leone
            </option>
            <option
              value="SG"
            >
              Singapore
            </option>
            <option
              value="SK"
            >
              Slovakia
            </option>
            <option
              value="SI"
            >
              Slovenia
            </option>
            <option
              value="SB"
            >
              Solomon Islands
            </option>
            <option
              value="SO"
            >
              Somalia
            </option>
            <option
              value="ZA"
            >
              South Africa
            </option>
            <option
              value="GS"
            >
              South Georgia
            </option>
            <option
              value="SS"
            >
              South Sudan
            </option>
            <option
              value="ES"
            >
              Spain
            </option>
            <option
              value="LK"
            >
              Sri Lanka
            </option>
            <option
              value="SD"
            >
              Sudan
            </option>
            <option
              value="SR"
            >
              Suriname
            </option>
            <option
              value="SJ"
            >
              Svalbard And Jan Mayen Islands
            </option>
            <option
              value="SZ"
            >
              Swaziland
            </option>
            <option
              value="SE"
            >
              Sweden
            </option>
            <option
              value="CH"
            >
              Switzerland
            </option>
            <option
              value="SY"
            >
              Syria
            </option>
            <option
              value="TW"
            >
              Taiwan
            </option>
            <option
              value="TJ"
            >
              Tajikistan
            </option>
            <option
              value="TZ"
            >
              Tanzania
            </option>
            <option
              value="TH"
            >
              Thailand
            </option>
            <option
              value="TG"
            >
              Togo
            </option>
            <option
              value="TK"
            >
              Tokelau
            </option>
            <option
              value="TO"
            >
              Tonga
            </option>
            <option
              value="TT"
            >
              Trinidad And Tobago
            </option>
            <option
              value="TN"
            >
              Tunisia
            </option>
            <option
              value="TR"
            >
              Turkey
            </option>
            <option
              value="TM"
            >
              Turkmenistan
            </option>
            <option
              value="TC"
            >
              Turks And Caicos Islands
            </option>
            <option
              value="TV"
            >
              Tuvalu
            </option>
            <option
              value="UG"
            >
              Uganda
            </option>
            <option
              value="UA"
            >
              Ukraine
            </option>
            <option
              value="AE"
            >
              United Arab Emirates
            </option>
            <option
              value="GB"
            >
              United Kingdom
            </option>
            <option
              value="US"
            >
              United States
            </option>
            <option
              value="UM"
            >
              United States Minor Outlying Islands
            </option>
            <option
              value="UY"
            >
              Uruguay
            </option>
            <option
              value="UZ"
            >
              Uzbekistan
            </option>
            <option
              value="VU"
            >
              Vanuatu
            </option>
            <option
              value="VA"
            >
              Vatican City State (Holy See)
            </option>
            <option
              value="VE"
            >
              Venezuela
            </option>
            <option
              value="VN"
            >
              Vietnam
            </option>
            <option
              value="VG"
            >
              Virgin Islands (British)
            </option>
            <option
              value="VI"
            >
              Virgin Islands (US)
            </option>
            <option
              value="WF"
            >
              Wallis And Futuna Islands
            </option>
            <option
              value="EH"
            >
              Western Sahara
            </option>
            <option
              value="YE"
            >
              Yemen
            </option>
            <option
              value="ZM"
            >
              Zambia
            </option>
            <option
              value="ZW"
            >
              Zimbabwe
            </option>
            <option
              value="XK"
            >
              Kosovo
            </option>
            <option
              value="CW"
            >
              Curaçao
            </option>
            <option
              value="SX"
            >
              Sint Maarten (Dutch part)
            </option>
          </select>
        </div>
        <div
          class="form-group col-md-6"
        >
          <label
            for="Country"
          >
            State
          </label>
          <select
            class="form-control "
            required=""
          >
            <option
              value=""
            >
              Select a state
            </option>
          </select>
        </div>
      </div>
      <div
        class="row mb-3"
      >
        <div
          class="col-md-6"
        >
          <label
            for="city"
          >
            City
          </label>
          <select
            class="form-control"
            required=""
          >
            <option
              value=""
            >
              Select a city
            </option>
          </select>
        </div>
        <div
          class="form-group col-md-6"
        >
          <label
            for="pincode"
          >
            Pin Code
          </label>
          <input
            class="form-control "
            id="pincode"
            placeholder="pin code or Area code"
            required=""
            type="text"
            value=""
          />
        </div>
      </div>
      <div
        class="form-row row mt-3"
      >
        <div
          class="form-group col-md-3"
        >
          <label
            class="me-4"
            for="deliveryAllowed"
          >
            Delivery Allowed
          </label>
          <input
            id="deliveryAllowed"
            name="deliveryAllowed"
            type="checkbox"
            value="false"
          />
        </div>
        <div
          class="form-group col-md-3"
        >
          <label
            class="me-4"
            for="pickupAllowed"
          >
            Pickup Allowed
          </label>
          <input
            id="pickupAllowed"
            name="pickupAllowed"
            type="checkbox"
            value="false"
          />
        </div>
        <div
          class="form-group col-md-3"
        >
          <label
            class="me-4"
            for="shippingAllowed"
          >
            Shipping Allowed
          </label>
          <input
            id="shippingAllowed"
            name="shippingAllowed"
            type="checkbox"
            value="false"
          />
        </div>
      </div>
      <button
        class="MuiButtonBase-root MuiButton-root MuiButton-contained MuiButton-containedPrimary MuiButton-sizeMedium MuiButton-containedSizeMedium MuiButton-root MuiButton-contained MuiButton-containedPrimary MuiButton-sizeMedium MuiButton-containedSizeMedium bg-info text-black css-lll1vm-MuiButtonBase-root-MuiButton-root"
        tabindex="0"
        type="submit"
      >
        Update Location
        <span
          class="MuiTouchRipple-root css-8je8zh-MuiTouchRipple-root"
        />
      </button>
      <button
        class="MuiButtonBase-root MuiButton-root MuiButton-contained MuiButton-containedError MuiButton-sizeMedium MuiButton-containedSizeMedium MuiButton-root MuiButton-contained MuiButton-containedError MuiButton-sizeMedium MuiButton-containedSizeMedium css-7ba66y-MuiButtonBase-root-MuiButton-root"
        tabindex="0"
        type="button"
      >
        Cancel
        <span
          class="MuiTouchRipple-root css-8je8zh-MuiTouchRipple-root"
        />
      </button>
    </form>
  </div>
</div>
`;
